// Jest Snapshot v1, https://goo.gl/fbAQLP

exports[`RouterLayout component shows default layout 1`] = `"<div>Default <p>component</p></div>"`;

exports[`RouterLayout component shows named layout 1`] = `"<div>Foo <p>component</p></div>"`;

exports[`RouterLayout component updates layout when route is changed 1`] = `"<div>Bar <p>Test2</p></div>"`;

exports[`RouterLayout component uses the leaf component's layout option 1`] = `"<div>Bar <div>Test1 <p>Test2</p></div></div>"`;
